error: missing ink! message
  --> $DIR/M-01-missing-message.rs:4:1
   |
4  | / mod missing_message {
5  | |     #[ink(storage)]
6  | |     pub struct MissingMessage {}
7  | |
...  |
13 | |     }
14 | | }
   | |_^
